<html>
<body>
<pre>
<h1>µVision Build Log</h1>
<h2>Project:</h2>
D:\HTW\Semester_5\Mikro\C_Uebung\C_Uebung.uvproj
Project File Date:  01/14/2026

<h2>Output:</h2>
Rebuild target 'Simulator'
assembling Startup.s...
compiling C_Uebung.c...
C_Uebung.c(62): warning:  #1295-D: Deprecated declaration switch_init - give arg types
  void switch_init();
C_Uebung.c(218): warning:  #186-D: pointless comparison of unsigned integer with zero
        if (wert <= 9 && wert >= 0) {
C_Uebung.c: 2 warnings, 0 errors
linking...
Program Size: Code=2012 RO-data=112 RW-data=8 ZI-data=1256  
".\C_Uebung.axf" - 0 Error(s), 2 Warning(s).
